0001   0000             ; Jose Isaac Suarez Guzman
0002   0000             
0003   0000             .org  0000h
0004   0000             ; cargamos  numerod hexadeecimales al  los registro B Y C
0005   0000 06 27        ld b, 27h
0006   0002 0E 07        ld c, 7h
0007   0004             ; converrtimos el bit mas alto de B a bcd
0008   0004 78           ld a,b
0009   0005 CB 3F        srl a
0010   0007             ; convertimos el bit mas alto de C a bcd
0011   0007 51           ld d,c
0012   0008 CB 3A        srl d
0013   000A             ; convertimos el digito mas bajo de C a bcd
0014   000A 59           ld e,c
0015   000B E6 0F        AND  0fh
0016   000D             ; almacenamos en registros DE
0017   000D CB 22        sla d
0018   000F 82           add a ,d
0019   0010             
0020   0010             ; convertimos el digito mas bajo de B a bcd
0021   0010 48           ld c,b
0022   0011 E6 0F         AND  0fh
0023   0013              ;almacenaje en el Registro BC
0024   0013             
0025   0013 CB 20        sla b
0026   0015 81           add a,c
0027   0016             
0028   0016             ; suma de los digitos mas bajos
0029   0016 79           ld a,c
0030   0017             
0031   0017 83           add a,e
0032   0018 27           daa
0033   0019 6F           ld l,a
0034   001A             
0035   001A              ; suma de los digitos mas altos
0036   001A 78           ld a,b
0037   001B 8A           adc a , d
0038   001C 27           daa
0039   001D 67           ld h,a
0040   001E             
0041   001E 3E 00        ld a,0
0042   0020             
0043   0020             
0044   0020             
0045   0020             end
Number of errors = 0
